1. Thu Dec 26 11:53:25 2019
2. Thu Dec 26 11:53:27 2019
3. Thu Dec 26 11:53:29 2019
4. Thu Dec 26 11:53:40 2019
5. Thu Dec 26 11:53:42 2019
6. Thu Dec 26 11:53:44 2019
7. Thu Dec 26 11:53:46 2019
8. Thu Dec 26 11:53:48 2019
9. Thu Dec 26 11:53:50 2019
